\BOOKMARK [1][-]{section.1}{\376\377\000P\000r\000i\000n\000c\000i\000p\000\040\000m\000a\000t\000e\000m\000a\000t\000i\001\015\000k\000e\000\040\000i\000n\000d\000u\000k\000c\000i\000j\000e}{}% 1
\BOOKMARK [1][-]{section.2}{\376\377\000A\000r\000h\000i\000m\000e\000d\000o\000v\000o\000\040\000i\000\040\000K\000a\000n\000t\000o\000r\000o\000v\000o\000\040\000s\000v\000o\000j\000s\000t\000v\000o\000\040\000s\000k\000u\000p\000a\000\040\000R}{}% 2
\BOOKMARK [2][-]{subsection.2.1}{\376\377\000A\000r\000h\000i\000m\000e\000d\000o\000v\000a\000\040\000a\000k\000s\000i\000o\000m\000a}{section.2}% 3
\BOOKMARK [2][-]{subsection.2.2}{\376\377\000K\000a\000n\000t\000o\000r\000o\000v\000a\000\040\000a\000k\000s\000i\000o\000m\000a}{section.2}% 4
\BOOKMARK [1][-]{section.3}{\376\377\000P\000o\000l\000j\000e\000\040\000r\000e\000a\000l\000n\000i\000h\000\040\000b\000r\000o\000j\000e\000v\000a}{}% 5
\BOOKMARK [1][-]{section.4}{\376\377\000S\000u\000p\000r\000e\000m\000u\000m\000\040\000i\000\040\000i\000n\000f\000i\000m\000u\000m\000\040\000s\000k\000u\000p\000a\000.\000\040\000A\000k\000s\000i\000o\000m\000a\000\040\000s\000u\000p\000r\000e\000m\000u\000m\000a\000.\000\040\000B\000r\000o\000j\000\040\000e}{}% 6
\BOOKMARK [2][-]{subsection.4.1}{\376\377\000S\000u\000p\000r\000e\000m\000u\000m\000\040\000i\000\040\000i\000n\000f\000i\000m\000u\000m\000\040\000s\000k\000u\000p\000a}{section.4}% 7
\BOOKMARK [2][-]{subsection.4.2}{\376\377\000A\000k\000s\000i\000o\000m\000a\000\040\000s\000u\000p\000r\000e\000m\000u\000m\000a}{section.4}% 8
\BOOKMARK [2][-]{subsection.4.3}{\376\377\000B\000r\000o\000j\000\040\000e}{section.4}% 9
\BOOKMARK [1][-]{section.5}{\376\377\000P\000r\000o\001\141\000i\000r\000e\000n\000i\000\040\000s\000k\000u\000p\000\040\000r\000e\000a\000l\000n\000i\000h\000\040\000b\000r\000o\000j\000e\000v\000a}{}% 10
\BOOKMARK [1][-]{section.6}{\376\377\000D\000e\000f\000i\000n\000i\000c\000i\000j\000a\000\040\000g\000r\000a\000n\000i\001\015\000n\000e\000\040\000v\000r\000e\000d\000n\000o\000s\000t\000i\000\040\000n\000i\000z\000a\000\040\000i\000\040\000p\000r\000i\000m\000e\000r\000i}{}% 11
\BOOKMARK [1][-]{section.7}{\376\377\000S\000v\000o\000j\000s\000t\000v\000a\000\040\000k\000o\000n\000v\000e\000r\000g\000e\000n\000t\000n\000i\000h\000\040\000n\000i\000z\000o\000v\000a\000\040\000\050\000a\000l\000g\000e\000b\000a\000r\000s\000k\000e\000\040\000o\000p\000e\000r\000a\000c\000i\000j\000e\000\051}{}% 12
\BOOKMARK [1][-]{section.8}{\376\377\000T\000e\000o\000r\000e\000m\000a\000\040\000o\000\040\000t\000r\000i\000\040\000l\000i\000m\000e\000s\000a\000\040\000z\000a\000\040\000n\000i\000z\000o\000v\000e}{}% 13
\BOOKMARK [1][-]{section.9}{\376\377\001\140\000t\000o\000l\000c\000o\000v\000a\000\040\000t\000e\000o\000r\000e\000m\000a\000\040\000i\000\040\000p\000o\000s\000l\000e\000d\000i\000c\000e}{}% 14
\BOOKMARK [1][-]{section.10}{\376\377\000M\000o\000n\000o\000t\000o\000n\000i\000\040\000n\000i\000z\000o\000v\000i\000,\000\040\000e\000g\000z\000i\000s\000t\000e\000n\000c\000i\000j\000a\000\040\000l\000i\000m\000e\000s\000a}{}% 15
\BOOKMARK [1][-]{section.11}{\376\377\000L\000i\000m\000e\000s\000\040\000l\000i\000m\000\050\0001\000+\0001\000/\000n\000\051\000\136\000n}{}% 16
\BOOKMARK [1][-]{section.12}{\376\377\000P\000o\000d\000n\000i\000z\000o\000v\000i\000,\000\040\000t\000a\001\015\000k\000e\000\040\000n\000a\000g\000o\000m\000i\000l\000a\000v\000a\000n\000j\000a\000\040\000n\000i\000z\000a}{}% 17
\BOOKMARK [1][-]{section.13}{\376\377\000B\000o\000l\000c\000a\000n\000o\000-\000V\000a\000j\000e\000r\001\141\000t\000r\000a\000s\000o\000v\000a\000\040\000t\000e\000o\000r\000e\000m\000a}{}% 18
\BOOKMARK [1][-]{section.14}{\376\377\000K\000o\001\141\000i\000j\000e\000v\000\040\000k\000r\000i\000t\000e\000r\000i\000j\000u\000m\000\040\000k\000o\000n\000v\000e\000r\000g\000e\000n\000c\000i\000j\000e\000\040\000n\000i\000z\000a}{}% 19
\BOOKMARK [1][-]{section.15}{\376\377\000D\000e\000f\000i\000n\000i\000c\000i\000j\000e\000\040\000g\000r\000a\000n\000i\001\015\000n\000e\000\040\000v\000r\000e\000d\000n\000o\000s\000t\000i\000\040\000r\000e\000a\000l\000n\000e\000\040\000f\000u\000n\000k\000c\000i\000j\000e\000\040\000u\000\040\000t\000a\001\015\000k\000i\000\040\000i\000\040\000j\000e\000d\000n\000o\000s\000t\000r\000a\000n\000i\000h\000\040\000l\000i\000m\000e\000s\000a}{}% 20
\BOOKMARK [2][-]{subsection.15.1}{\376\377\000T\000a\001\015\000k\000e\000\040\000n\000a\000g\000o\000m\000i\000l\000a\000v\000a\000n\000j\000a\000\040\000i\000\040\000p\000r\000o\000b\000u\001\141\000e\000n\000e\000\040\000o\000k\000o\000l\000i\000n\000e}{section.15}% 21
\BOOKMARK [2][-]{subsection.15.2}{\376\377\000L\000i\000m\000e\000s\000i\000\040\000r\000e\000a\000l\000n\000e\000\040\000f\000u\000n\000k\000c\000i\000j\000e}{section.15}% 22
\BOOKMARK [2][-]{subsection.15.3}{\376\377\000J\000e\000d\000n\000o\000s\000t\000r\000a\000n\000i\000\040\000l\000i\000m\000e\000s\000i}{section.15}% 23
\BOOKMARK [1][-]{section.16}{\376\377\000S\000v\000o\000j\000s\000t\000v\000a\000\040\000g\000r\000a\000n\000i\001\015\000n\000e\000\040\000v\000r\000e\000d\000n\000o\000s\000t\000i\000\040\000r\000e\000a\000l\000n\000e\000\040\000f\000u\000n\000k\000c\000i\000j\000e}{}% 24
\BOOKMARK [1][-]{section.17}{\376\377\000T\000e\000o\000r\000e\000m\000a\000\040\000o\000\040\000t\000r\000i\000\040\000l\000i\000m\000e\000s\000a\000.\000\040\000L\000i\000m\000e\000s\000\040\000l\000i\000m\000\040\000s\000i\000n\000\040\000x\000\040\000/\000\040\000x}{}% 25
\BOOKMARK [2][-]{subsection.17.1}{\376\377\000T\000e\000o\000r\000e\000m\000a\000\040\000o\000\040\0003\000\040\000l\000i\000m\000e\000s\000a}{section.17}% 26
\BOOKMARK [2][-]{subsection.17.2}{\376\377\000L\000i\000m\000e\000s\000\040\000l\000i\000m\000\040\000s\000i\000n\000\040\000x\000\040\000/\000\040\000x}{section.17}% 27
\BOOKMARK [1][-]{section.18}{\376\377\000T\000e\000o\000r\000e\000m\000a\000\040\000o\000\040\000s\000m\000e\000n\000i\000\040\000p\000r\000o\000m\000e\000n\000l\000j\000i\000v\000e\000,\000\040\000l\000i\000m\000\050\0001\000+\0001\000/\000x\000\051\000\136\000x\000\040\000i\000\040\000p\000o\000s\000l\000e\000d\000i\000c\000e}{}% 28
\BOOKMARK [2][-]{subsection.18.1}{\376\377\000T\000e\000o\000r\000e\000m\000a\000\040\000o\000\040\000s\000m\000e\000n\000i\000\040\000p\000r\000o\000m\000e\000n\000l\000j\000i\000v\000e\000\040\000u\000\040\000l\000i\000m\000e\000s\000u}{section.18}% 29
\BOOKMARK [2][-]{subsection.18.2}{\376\377\000L\000i\000m\000e\000s\000\040\000l\000i\000m\000\050\0001\000+\0001\000/\000x\000\051\000\136\000x}{section.18}% 30
\BOOKMARK [2][-]{subsection.18.3}{\376\377\000P\000o\000s\000l\000e\000d\000i\000c\000e}{section.18}% 31
\BOOKMARK [1][-]{section.19}{\376\377\000L\000i\000m\000e\000s\000\040\000m\000o\000n\000o\000t\000o\000n\000e\000\040\000f\000u\000n\000k\000c\000i\000j\000e}{}% 32
\BOOKMARK [1][-]{section.20}{\376\377\000A\000s\000i\000m\000p\000t\000o\000t\000s\000k\000a\000\040\000r\000e\000l\000a\000c\000i\000j\000a\000\040\000o}{}% 33
\BOOKMARK [2][-]{subsection.20.1}{\376\377\000A\000s\000i\000m\000p\000t\000o\000t\000e\000\040\000f\000u\000n\000k\000c\000i\000j\000e}{section.20}% 34
\BOOKMARK [1][-]{section.21}{\376\377\000A\000s\000i\000m\000p\000t\000o\000t\000s\000k\000a\000\040\000r\000e\000l\000a\000c\000i\000j\000a\000\040\000\176}{}% 35
\BOOKMARK [1][-]{section.22}{\376\377\000A\000s\000i\000m\000p\000t\000o\000t\000s\000k\000a\000\040\000r\000e\000l\000a\000c\000i\000j\000a\000\040\000O}{}% 36
\BOOKMARK [1][-]{section.23}{\376\377\000D\000e\000f\000i\000n\000i\000c\000i\000j\000a\000\040\000n\000e\000p\000r\000e\000k\000i\000d\000n\000i\000h\000\040\000r\000e\000a\000l\000n\000i\000h\000\040\000f\000u\000n\000k\000c\000i\000j\000a\000.\000\040\000V\000r\000s\000t\000e\000\040\000t\000a\001\015\000a\000k\000a\000\040\000p\000r\000e\000k\000i\000d\000a}{}% 37
\BOOKMARK [1][-]{section.24}{\376\377\000L\000o\000k\000a\000l\000n\000a\000\040\000s\000v\000o\000j\000s\000t\000v\000a\000\040\000n\000e\000p\000r\000e\000k\000i\000d\000n\000i\000h\000\040\000r\000e\000a\000l\000n\000i\000h\000\040\000f\000u\000n\000k\000c\000i\000j\000a}{}% 38
\BOOKMARK [1][-]{section.25}{\376\377\000G\000l\000o\000b\000a\000l\000n\000a\000\040\000s\000v\000o\000j\000s\000t\000v\000a\000\040\000n\000e\000p\000r\000e\000k\000i\000d\000n\000i\000h\000\040\000r\000e\000a\000l\000n\000i\000h\000\040\000f\000u\000n\000k\000c\000i\000j\000a\000\040\000\050\000K\000o\001\141\000i\000-\000B\000o\000l\000c\000a\000n\000o\000v\000a\000\040\000t\000e\000o\000r\000e\000m\000a\000\040\000i\000\040\000t\000e\000o\000r\000e\000m\000a\000\040\000o\000\040\000m\000e\001\021\000u\000v\000r\000e\000d\000n\000o\000s\000t\000i\000\051}{}% 39
\BOOKMARK [1][-]{section.26}{\376\377\000V\000a\000j\000e\000r\001\141\000t\000r\000a\000s\000o\000v\000a\000\040\000t\000e\000o\000r\000e\000m\000a\000\040\000o\000\040\000n\000e\000p\000r\000e\000k\000i\000d\000n\000i\000m\000\040\000f\000u\000n\000k\000c\000i\000j\000a\000m\000a}{}% 40
\BOOKMARK [1][-]{section.27}{\376\377\000N\000e\000p\000r\000e\000k\000i\000d\000n\000o\000s\000t\000\040\000m\000o\000n\000o\000t\000o\000n\000e\000\040\000i\000\040\000n\000j\000o\000j\000\040\000i\000n\000v\000e\000r\000z\000n\000e\000\040\000f\000u\000n\000k\000c\000i\000j\000e}{}% 41
\BOOKMARK [1][-]{section.28}{\376\377\000N\000e\000p\000r\000e\000k\000i\000d\000n\000o\000s\000t\000\040\000e\000l\000e\000m\000e\000n\000t\000a\000r\000n\000i\000h\000\040\000f\000u\000n\000k\000c\000i\000j\000a}{}% 42
\BOOKMARK [1][-]{section.29}{\376\377\000H\000a\000j\000n\000e\000o\000v\000a\000\040\000k\000a\000r\000a\000k\000t\000e\000r\000i\000z\000a\000c\000i\000j\000a\000\040\000p\000o\000s\000t\000o\000j\000a\000n\000j\000a\000\040\000l\000i\000m\000e\000s\000a\000\040\000r\000e\000a\000l\000n\000e\000\040\000f\000u\000n\000k\000c\000i\000j\000e}{}% 43
\BOOKMARK [1][-]{section.30}{\376\377\000K\000o\001\141\000i\000j\000e\000v\000\040\000k\000r\000i\000t\000e\000r\000i\000j\000u\000m\000\040\000p\000o\000s\000t\000o\000j\000a\000n\000j\000a\000\040\000k\000o\000n\000a\001\015\000n\000o\000g\000\040\000l\000i\000m\000e\000s\000a\000\040\000r\000e\000a\000l\000n\000e\000\040\000f\000u\000n\000k\000c\000i\000j\000e}{}% 44
\BOOKMARK [1][-]{section.31}{\376\377\000D\000e\000f\000i\000n\000i\000c\000i\000j\000a\000\040\000i\000z\000v\000o\000d\000a\000\040\000u\000\040\000t\000a\001\015\000k\000i\000,\000\040\000l\000e\000v\000o\000g\000\040\000i\000\040\000d\000e\000s\000n\000o\000g\000\040\000i\000z\000v\000o\000d\000a\000\040\000r\000e\000a\000l\000n\000e\000\040\000f\000u\000n\000k\000c\000i\000j\000e\000.\000\040\000D\000i\000f\000e\000r\000e\000n\000c\000i\000j\000a\000b\000i\000l\000n\000o\000s\000t}{}% 45
\BOOKMARK [1][-]{section.32}{\376\377\000S\000v\000o\000j\000s\000t\000v\000a\000\040\000d\000i\000f\000e\000r\000e\000n\000c\000i\000j\000a\000b\000i\000l\000n\000i\000h\000\040\000f\000u\000n\000k\000c\000i\000j\000a\000\040\000\050\000i\000z\000v\000o\000d\000\040\000z\000b\000i\000r\000a\000,\000\040\000p\000r\000o\000i\000z\000v\000o\000d\000a\000\040\000i\000\040\000k\000o\000l\000i\001\015\000n\000i\000k\000a\000\040\000f\000u\000n\000k\000c\000i\000j\000a\000\051}{}% 46
\BOOKMARK [1][-]{section.33}{\376\377\000I\000z\000v\000o\000d\000\040\000s\000l\000o\001\176\000e\000n\000e\000\040\000i\000\040\000i\000n\000v\000e\000r\000z\000n\000e\000\040\000f\000u\000n\000k\000c\000i\000j\000e}{}% 47
\BOOKMARK [1][-]{section.34}{\376\377\000F\000e\000r\000m\000a\000o\000v\000a\000\040\000i\000\040\000R\000o\000l\000o\000v\000a\000\040\000t\000e\000o\000r\000e\000m\000a}{}% 48
\BOOKMARK [1][-]{section.35}{\376\377\000K\000o\001\141\000i\000j\000e\000v\000a\000\040\000i\000\040\000L\000a\000g\000r\000a\000n\001\176\000e\000v\000a\000\040\000t\000e\000o\000r\000e\000m\000a\000\040\000o\000\040\000s\000r\000e\000d\000n\000j\000o\000j\000\040\000v\000r\000e\000d\000n\000o\000s\000t\000i\000\040\000d\000i\000f\000e\000r\000e\000n\000c\000i\000j\000a\000l\000n\000o\000g\000\040\000r\000a\001\015\000u\000n\000a}{}% 49
\BOOKMARK [1][-]{section.36}{\376\377\000L\000o\000p\000i\000t\000a\000l\000o\000v\000a\000\040\000p\000r\000a\000v\000i\000l\000a}{}% 50
\BOOKMARK [1][-]{section.37}{\376\377\000I\000z\000v\000o\000d\000i\000\040\000v\000i\001\141\000e\000g\000\040\000r\000e\000d\000a}{}% 51
\BOOKMARK [1][-]{section.38}{\376\377\000T\000e\000j\000l\000o\000r\000o\000v\000a\000\040\000f\000o\000r\000m\000u\000l\000a\000\040\000s\000a\000\040\000o\000s\000t\000a\000t\000k\000o\000m\000\040\000u\000\040\000L\000a\000g\000r\000a\000n\001\176\000e\000v\000o\000m\000\040\000i\000\040\000P\000e\000a\000n\000o\000v\000o\000m\000\040\000o\000b\000l\000i\000k\000u}{}% 52
\BOOKMARK [1][-]{section.39}{\376\377\000M\000a\000k\000l\000o\000r\000e\000n\000o\000v\000i\000\040\000p\000o\000l\000i\000n\000o\000m\000i\000\040\000e\000l\000e\000m\000e\000n\000t\000a\000r\000n\000i\000h\000\040\000f\000u\000n\000k\000c\000i\000j\000a}{}% 53
\BOOKMARK [1][-]{section.40}{\376\377\000M\000o\000n\000o\000t\000o\000n\000o\000s\000t\000\040\000i\000\040\000l\000o\000k\000a\000l\000n\000i\000\040\000e\000k\000s\000t\000r\000e\000m\000u\000m\000i\000\040\000f\000u\000n\000k\000c\000i\000j\000a}{}% 54
\BOOKMARK [1][-]{section.41}{\376\377\000K\000o\000n\000v\000e\000k\000s\000n\000e\000\040\000i\000\040\000k\000o\000n\000k\000a\000v\000n\000e\000\040\000f\000u\000n\000k\000c\000i\000j\000e}{}% 55
